>>> matrix_divided = __import__('2-matrix_divided').matrix_divided

>>> matrix = [[1, 2, 3],[4, 5, 6]]
>>> print(matrix_divided(matrix, 3))
[[0.33, 0.67, 1.0], [1.33, 1.67, 2.0]]

>>> print(matrix)
[[1, 2, 3], [4, 5, 6]]

>>> print(matrix_divided([["a", "b", "c"],["d", "e", "f"]], 5))
Traceback (most recent call last):
TypeError: matrix must be a matrix (list of lists) of integers/floats

>>> print(matrix_divided([[1, 2, 3],[4, 5, 6, 7]], 3))
Traceback (most recent call last):
TypeError: Each row of the matrix must have the same size

>>> print(matrix_divided(matrix, "Chong"))
Traceback (most recent call last):
TypeError: div must be a number

>>> print(matrix_divided(matrix, 0))
Traceback (most recent call last):
ZeroDivisionError: division by zero